// Jest Snapshot v1, https://goo.gl/fbAQLP

exports[`should render ExpenseList with expenses 1`] = `
<div>
  This is from my Dashboard components
  <Connect(ExpenseListFilter) />
  <Connect(ExpenseList) />
</div>
`;
