// Jest Snapshot v1, https://goo.gl/fbAQLP

exports[`Should render Header Correctly 1`] = `
<header>
  <h1>
    Expensify
  </h1>
  <NavLink
    activeClassName="is-active"
    ariaCurrent="true"
    exact={true}
    to="/"
  >
    Go Home| 
  </NavLink>
  <NavLink
    activeClassName="is-active"
    ariaCurrent="true"
    to="/create"
  >
    create |
  </NavLink>
  <NavLink
    activeClassName="is-active"
    ariaCurrent="true"
    to="/help"
  >
    help | 
  </NavLink>
  <NavLink
    activeClassName="is-active"
    ariaCurrent="true"
    to="/edit"
  >
    edit
  </NavLink>
</header>
`;
